# Telemetry Activity Stream 2026 - ai-company-os-demo
# Managed by AI Company OS Commit Engine
# Project: AI Company OS Showcase & Portfolio Platform

[2026-01-01 14:08:39 +0700] [COMMIT #1] feat(ui): enhance ui implementation parameters [status: ok]
[2026-01-01 18:09:16 +0700] [COMMIT #2] feat(portfolio): implement live telemetry activity ticker on landing page [status: ok]
[2026-01-01 19:21:34 +0700] [COMMIT #3] feat(api): add responsive cyberpunk glassmorphism card components [status: ok]
[2026-01-01 21:03:06 +0700] [COMMIT #4] feat(auth): refine auth implementation parameters [status: ok]
[2026-01-02 15:00:46 +0700] [COMMIT #5] feat(router): support dark/light mode toggle with system preference sync [status: ok]
[2026-01-02 19:54:53 +0700] [COMMIT #6] feat(store): implement dynamic contact modal with form validation [status: ok]
[2026-01-03 08:57:39 +0700] [COMMIT #7] feat(components): tune components implementation parameters [status: ok]
[2026-01-03 10:50:48 +0700] [COMMIT #8] feat(styles): add smooth page transition animations using framer-motion/CSS [status: ok]
[2026-01-03 23:22:21 +0700] [COMMIT #9] feat(seo): implement resume download tracking and telemetry logging [status: ok]
[2026-01-04 16:52:17 +0700] [COMMIT #10] fix(animations): streamline animations implementation parameters [status: ok]
[2026-01-04 19:21:11 +0700] [COMMIT #11] fix(telemetry): fix mobile navbar toggle state preservation on route change [status: ok]
[2026-01-04 19:45:36 +0700] [COMMIT #12] fix(ui): correct image aspect ratio distortion on ultrawide viewports [status: ok]
[2026-01-05 10:46:17 +0700] [COMMIT #13] perf(portfolio): update portfolio implementation parameters [status: ok]
[2026-01-05 15:43:26 +0700] [COMMIT #14] perf(api): implement route-level code splitting and tree shaking [status: ok]
[2026-01-05 16:23:48 +0700] [COMMIT #15] perf(auth): lazy load offscreen project showcase images [status: ok]
[2026-01-05 19:02:38 +0700] [COMMIT #16] refactor(router): audit router implementation parameters [status: ok]
[2026-01-06 09:53:08 +0700] [COMMIT #17] refactor(store): extract reusable button and badge primitives into design system [status: ok]
[2026-01-06 20:28:15 +0700] [COMMIT #18] style(components): tune accent gradient hues and glowing shadow drop values [status: ok]
[2026-01-06 21:21:14 +0700] [COMMIT #19] style(styles): optimize styles implementation parameters [status: ok]
[2026-01-06 21:25:04 +0700] [COMMIT #20] docs(seo): update architecture documentation and deployment guide [status: ok]
